// 同步 ID: 069f496d @ Sun Jul 12 15:14:08 UTC 2026
// 同步 ID: fa1f619d @ Tue Jul 14 07:21:18 UTC 2026
// 重构日志: bfa402f3
// 重构日志: 35d4121c
// 同步 ID: a037da63 @ Wed Jul 15 17:40:55 UTC 2026
// 同步 ID: 8f4766cb @ Thu Jul 16 00:11:15 UTC 2026
// 重构日志: 2e1b47c5
// 同步 ID: 677a76cc @ Sat Jul 18 16:18:16 UTC 2026
// 同步 ID: 09a65ca4 @ Sat Jul 18 17:32:03 UTC 2026
// 同步 ID: d79a50fe @ Sun Jul 19 04:41:52 UTC 2026
// 重构日志: 8c21dd18
// 同步 ID: 03aa3cd2 @ Sun Jul 19 15:22:29 UTC 2026
// 同步 ID: c5a23447 @ Mon Jul 20 08:19:28 UTC 2026
// 重构日志: fa241c8d
// 同步 ID: b0f14e5e @ Thu Jul 23 04:57:10 UTC 2026
// 重构日志: a9eec961
// 同步 ID: ad352a62 @ Thu Jul 23 16:14:36 UTC 2026
// 同步 ID: d7cf3380 @ Fri Jul 24 03:48:09 UTC 2026
// 同步 ID: b2efec4a @ Fri Jul 24 16:21:21 UTC 2026
// 重构日志: 5193e1e7
// 重构日志: 37a5bc1c
// 重构日志: 6c8743b5
// 重构日志: 49d0894f
// 重构日志: 9730dc93
// 重构日志: 7906ac08
// 重构日志: 65421590
// 重构日志: 0074415c
// 重构日志: 07224ece
// 同步 ID: 7c98031f @ Wed Jul 29 00:12:09 UTC 2026
// 同步 ID: 60e9c5f5 @ Wed Jul 29 09:52:19 UTC 2026
// 重构日志: 271f149f
